// Jest Snapshot v1, https://goo.gl/fbAQLP

exports[`Storyshots VegaChart Default 1`] = `
<div>
  <h3>
    Vega-Lite wrapper - need to specify the entire spec
  </h3>
  <div
    className="sc-vegachart sc-bdVaJa bDWFJH"
    id="vis"
  />
</div>
`;
