// Jest Snapshot v1, https://goo.gl/fbAQLP

exports[`Storyshots SearchInput Default 1`] = `
<div
  className="sc-gqjmRU kDphYc"
>
  <h3
    className="sc-VigVT ebTJpg"
  >
    Default
  </h3>
  <div
    style={
      Object {
        "width": "250px",
      }
    }
  >
    <div
      className="sc-searchinput sc-htoDjs gpFhwS"
    >
      <div
        className="sc-input sc-ifAKCX bcDIIa"
      >
        <div
          className="sc-input-wrapper sc-gzVnrw kvhoeX"
        >
          <input
            autocomplete="off"
            className="sc-input-type"
            name="search"
            onBlur={[Function]}
            onChange={[Function]}
            onKeyDown={[Function]}
            placeholder="Search server..."
            type="text"
            value=""
          />
        </div>
      </div>
      <button
        className="sc-dnqmqq sc-iwsKbI fWlfKu"
        disabled={false}
        onClick={[Function]}
      >
        <i
          className="fas fa-search"
        />
      </button>
      <button
        className="sc-dnqmqq sc-gZMcBi iDrsiU"
        onClick={[Function]}
      >
        <i
          className="fas fa-times-circle"
        />
      </button>
    </div>
  </div>
  <h3
    className="sc-VigVT ebTJpg"
  >
    Search Input filled
  </h3>
  <div
    style={
      Object {
        "width": "250px",
      }
    }
  >
    <div
      className="sc-searchinput sc-htoDjs gpFhwS"
      data-cy="carlito_searchinput"
    >
      <div
        className="sc-input sc-ifAKCX bcDIIa"
      >
        <div
          className="sc-input-wrapper sc-gzVnrw kvhoeX"
        >
          <input
            autocomplete="off"
            className="sc-input-type"
            name="search"
            onBlur={[Function]}
            onChange={[Function]}
            onKeyDown={[Function]}
            type="text"
            value="carlito"
          />
        </div>
      </div>
      <button
        className="sc-dnqmqq sc-iwsKbI fWlfKu"
        disabled={false}
        onClick={[Function]}
      >
        <i
          className="fas fa-search"
        />
      </button>
      <button
        className="sc-dnqmqq sc-gZMcBi iDrsiU"
        onClick={[Function]}
      >
        <i
          className="fas fa-times-circle"
        />
      </button>
    </div>
  </div>
  <h3
    className="sc-VigVT ebTJpg"
  >
    Disable the default toggle
  </h3>
  <div
    style={
      Object {
        "width": "250px",
      }
    }
  >
    <div
      className="sc-searchinput sc-htoDjs cAmcWy"
    >
      <div
        className="sc-input sc-ifAKCX bcDIIa"
      >
        <div
          className="sc-input-wrapper sc-gzVnrw kvhoeX"
        >
          <input
            autocomplete="off"
            className="sc-input-type"
            name="search"
            onBlur={[Function]}
            onChange={[Function]}
            onKeyDown={[Function]}
            placeholder="Search and Filter…"
            type="text"
            value=""
          />
        </div>
      </div>
      <button
        className="sc-dnqmqq sc-iwsKbI iVhzNC"
        disabled={true}
        onClick={[Function]}
      >
        <i
          className="fas fa-search"
        />
      </button>
      <button
        className="sc-dnqmqq sc-gZMcBi iDrsiU"
        onClick={[Function]}
      >
        <i
          className="fas fa-times-circle"
        />
      </button>
    </div>
  </div>
  <h3
    className="sc-VigVT ebTJpg"
  >
    Disable the default toggle undefined onReset action
  </h3>
  <div
    style={
      Object {
        "width": "250px",
      }
    }
  >
    <div
      className="sc-searchinput sc-htoDjs cAmcWy"
    >
      <div
        className="sc-input sc-ifAKCX bcDIIa"
      >
        <div
          className="sc-input-wrapper sc-gzVnrw kvhoeX"
        >
          <input
            autocomplete="off"
            className="sc-input-type"
            name="search"
            onBlur={[Function]}
            onChange={[Function]}
            onKeyDown={[Function]}
            placeholder="Search and Filter…"
            type="text"
            value=""
          />
        </div>
      </div>
      <button
        className="sc-dnqmqq sc-iwsKbI iVhzNC"
        disabled={true}
        onClick={[Function]}
      >
        <i
          className="fas fa-search"
        />
      </button>
      <button
        className="sc-dnqmqq sc-gZMcBi iDrsiU"
        onClick={[Function]}
      >
        <i
          className="fas fa-times-circle"
        />
      </button>
    </div>
  </div>
</div>
`;
